N01/create PASS
N02/correct PASS
N02/wrong PASS
N02/missing PASS
N03/last_seat PASS
N04/cap_0 PASS
N04/cap_6 PASS
N04/cap_12 PASS
N04/eliminated_keep_seat PASS
N05/room_ready PASS
N05/room_start PASS
N05/room_submit PASS
N05/forged PASS
N06/h PASS
N06/p PASS
N06/disconnected PASS
N07/player_join PASS
N07/player_leave PASS
N07/role PASS
N07/spectator_join_leave PASS
N07/host_role PASS
N08/mid_match PASS
N09/same PASS
N09/conflict PASS
N09/resume_retry PASS
N09/evicted PASS
N10/secret_Bi PASS
N10/secret_Def PASS
N11/5000_True PASS
N11/5000_False PASS
N11/12000_True PASS
N11/12000_False PASS
N11/30000_True PASS
N11/30000_False PASS
N12/before PASS
N12/at PASS
N13/illegal PASS
N13/missing PASS
N13/duplicate PASS
N13/nan PASS
N13/large PASS
N13/bool_number PASS
N13/extra PASS
N14/submit_replay PASS
N15/locked PASS
N16/fresh_old_turn PASS
N16/evicted PASS
N17/players_2 PASS
N17/players_3 PASS
N18/six_to_two PASS
N19/manual PASS
N19/illegal PASS
N19/resume PASS
N19/none PASS
N20/online PASS
N20/offline PASS
N21/C026_dead_reflector_returns PASS
N21/C050_cancelled_charge_still_kills PASS
N21/C043_dead_tian_clears PASS
N22/submitted_leave PASS
N22/three_absences PASS
N23/single_restart PASS
N24/winner_leaves PASS
N24/two_leave PASS
N25/continue PASS
N25/terminal PASS
N26/leave PASS
N26/absent PASS
N27/0_expire PASS
N27/30000_expire PASS
N27/30000_resume PASS
N27/60000_expire PASS
N27/60000_resume PASS
N27/reveal_resume PASS
N28/lobby PASS
N28/playing PASS
N28/replacement PASS
N29/correct PASS
N29/forged PASS
N29/removed PASS
N30/next_match PASS
N31/rooms PASS
N31/slow PASS
N32/set_state PASS
N32/debug PASS
N32/seed PASS
N32/forged_room PASS
N33/errors PASS
N33/burst_limit FAIL
N33/room_capacity PASS
N34/C065_reward_replay PASS
N34/C074_core_full_reset PASS
N34/room_mode_absence_reset PASS
N36/six_players_three_matches PASS
N36/real_clock FAIL
N37/default PASS
N37/legacy_12 PASS
N38/10000_to_5000 PASS
N38/5000_to_30000 PASS
N39/permissions PASS
N39/stale PASS
N39/replay PASS
N39/same PASS
N39/deadline PASS
N40/players_2 PASS
N40/players_3 PASS
N40/host_charge_not_immune PASS
N41/submitted_disconnect PASS
N41/resume_does_not_clear PASS
N41/forced_online PASS
N41/forced_offline PASS
N42/lobby_expire PASS
N42/lobby_resume PASS
N42/result_expire PASS
N42/result_resume PASS
N42/eliminated_expire PASS
N42/eliminated_resume PASS
N43/after_turn_lobby PASS
N43/after_turn_selecting PASS
N43/after_turn_revealing PASS
N43/after_turn_result PASS
N43/immediate_lobby PASS
N43/immediate_selecting PASS
N43/immediate_revealing PASS
N43/immediate_result PASS
N43/after_turn_unsubmitted PASS
N44/leave_0 PASS
N44/leave_1 PASS
N44/leave_2 PASS
N44/timeout_0 PASS
N44/timeout_1 PASS
N44/timeout_2 PASS
N45/online PASS
N45/offline_resume PASS
N46/stale_event_ack_new_room PASS
N47/host_role_player PASS
N47/host_role_spectator PASS
N47/null_id PASS
N48/three_matches PASS
N48/real_clock FAIL
N49/nickname_spaces PASS
N49/nickname_format PASS
N49/nickname_newline PASS
N49/nickname_chinese PASS
N49/nickname_emoji PASS
N49/nickname_max20 PASS
N49/nickname_over21 PASS
N49/nickname_surrogate PASS
N49/nickname_emoji20 PASS
N49/nickname_padded PASS
N49/password_empty PASS
N49/password_spaces PASS
N49/password_max32 PASS
N49/password_over33 PASS
N49/password_format PASS
N49/password_control PASS
N49/password_type PASS
N49/password_surrogate PASS
N49/password_emoji32 PASS
