test_explicit_baseline_core_oracles_and_identifier_mapping (rooms_v1.test_harness.AsyncHarnessTests.test_explicit_baseline_core_oracles_and_identifier_mapping) ... ok
test_grace_clock_ages_without_changing_seq_but_deadline_cannot (rooms_v1.test_harness.AsyncHarnessTests.test_grace_clock_ages_without_changing_seq_but_deadline_cannot) ... ok
test_privacy_differential_checks_entire_observer_json (rooms_v1.test_harness.AsyncHarnessTests.test_privacy_differential_checks_entire_observer_json) ... ok
test_real_peer_rejects_old_seq_and_revoked_broadcast (rooms_v1.test_harness.AsyncHarnessTests.test_real_peer_rejects_old_seq_and_revoked_broadcast) ... ok
test_same_seq_cannot_have_different_public_resources (rooms_v1.test_harness.AsyncHarnessTests.test_same_seq_cannot_have_different_public_resources) ... ok
test_scripted_n01_and_five_transport_mutations (rooms_v1.test_harness.AsyncHarnessTests.test_scripted_n01_and_five_transport_mutations) ... ok
test_ack_missing_wrong_identity_secret_and_types (rooms_v1.test_harness.HarnessTests.test_ack_missing_wrong_identity_secret_and_types) ... ok
test_all_core_oracles_have_complete_ledger_and_state (rooms_v1.test_harness.HarnessTests.test_all_core_oracles_have_complete_ledger_and_state) ... ok
test_authored_suite_is_reproducible (rooms_v1.test_harness.HarnessTests.test_authored_suite_is_reproducible) ... ok
test_bad_samples_missing_family_ack_policy_or_oracle (rooms_v1.test_harness.HarnessTests.test_bad_samples_missing_family_ack_policy_or_oracle) ... ok
test_clock_and_negative_time (rooms_v1.test_harness.HarnessTests.test_clock_and_negative_time) ... ok
test_empty_id_ack_cannot_complete_a_real_request (rooms_v1.test_harness.HarnessTests.test_empty_id_ack_cannot_complete_a_real_request) ... ok
test_every_authored_request_is_uuid_and_replays_bind (rooms_v1.test_harness.HarnessTests.test_every_authored_request_is_uuid_and_replays_bind) ... ok
test_import_does_not_reuse_cached_package (rooms_v1.test_harness.HarnessTests.test_import_does_not_reuse_cached_package) ... ok
test_json_rejects_duplicate_and_nonfinite (rooms_v1.test_harness.HarnessTests.test_json_rejects_duplicate_and_nonfinite) ... ok
test_missing_paths_are_non_success_no_fallback (rooms_v1.test_harness.HarnessTests.test_missing_paths_are_non_success_no_fallback) ... ok
test_old_turn_and_duplicate_reward_are_detected (rooms_v1.test_harness.HarnessTests.test_old_turn_and_duplicate_reward_are_detected) ... ok
test_room_1_1_schema_membership_and_unicode (rooms_v1.test_harness.HarnessTests.test_room_1_1_schema_membership_and_unicode) ... ok
test_snapshot_mutations (rooms_v1.test_harness.HarnessTests.test_snapshot_mutations) ... ok
test_complete_authored_suite_and_reproducibility (rules_v1_001.test_harness.HarnessTests.test_complete_authored_suite_and_reproducibility) ... ok
test_corrupt_fixtures_are_rejected (rules_v1_001.test_harness.HarnessTests.test_corrupt_fixtures_are_rejected) ... ok
test_event_counts_and_false_success_are_rejected (rules_v1_001.test_harness.HarnessTests.test_event_counts_and_false_success_are_rejected) ... ok
test_input_mutation_and_cross_player_aliases_fail (rules_v1_001.test_harness.HarnessTests.test_input_mutation_and_cross_player_aliases_fail) ... ok
test_missing_broken_and_session_paths_do_not_claim_pass (rules_v1_001.test_harness.HarnessTests.test_missing_broken_and_session_paths_do_not_claim_pass) ... ok
test_mutations_use_exact_context_and_stay_inside_copy (rules_v1_001.test_harness.HarnessTests.test_mutations_use_exact_context_and_stay_inside_copy) ... ok
test_return_links_and_duplicate_reward_events (rules_v1_001.test_harness.HarnessTests.test_return_links_and_duplicate_reward_events) ... ok
test_transport_double_passes_only_harness_and_missing_outputs_fail (rules_v1_001.test_harness.HarnessTests.test_transport_double_passes_only_harness_and_missing_outputs_fail) ... ok
test_easy_ai_does_not_change_inputs (test_core.EasyAITests.test_easy_ai_does_not_change_inputs) ... ok
test_seeded_ai_is_repeatable (test_core.EasyAITests.test_seeded_ai_is_repeatable) ... ok
test_seeded_ai_only_selects_legal_moves (test_core.EasyAITests.test_seeded_ai_only_selects_legal_moves) ... ok
test_bi_requires_one_dd (test_core.ResourceTests.test_bi_requires_one_dd) ... ok
test_charge_is_available_at_start (test_core.ResourceTests.test_charge_is_available_at_start) ... ok
test_dd_uses_six_integer_units (test_core.ResourceTests.test_dd_uses_six_integer_units) ... ok
test_liqiang_is_single_use (test_core.ResourceTests.test_liqiang_is_single_use) ... ok
test_move_catalog_has_no_duplicates (test_core.ResourceTests.test_move_catalog_has_no_duplicates) ... ok
test_new_players_have_independent_bomb_lists (test_core.ResourceTests.test_new_players_have_independent_bomb_lists) ... ok
test_special_resources_control_moves (test_core.ResourceTests.test_special_resources_control_moves) ... ok
test_attack_beats_charge (test_core.TurnTests.test_attack_beats_charge) ... ok
test_bomb_becomes_usable_after_following_turn (test_core.TurnTests.test_bomb_becomes_usable_after_following_turn) ... ok
test_both_charge (test_core.TurnTests.test_both_charge) ... ok
test_both_suicide_draw (test_core.TurnTests.test_both_suicide_draw) ... ok
test_equal_attacks_continue_and_spend_resources (test_core.TurnTests.test_equal_attacks_continue_and_spend_resources) ... ok
test_illegal_attack_does_not_advance_fresh_state (test_core.TurnTests.test_illegal_attack_does_not_advance_fresh_state) ... ok
test_normal_defense_blocks_bi_and_gains_nx_charge (test_core.TurnTests.test_normal_defense_blocks_bi_and_gains_nx_charge) ... ok
test_normal_defense_does_not_block_pragon (test_core.TurnTests.test_normal_defense_does_not_block_pragon) ... ok
test_reflect_beats_bi (test_core.TurnTests.test_reflect_beats_bi) ... ok
test_special_defense_blocks_its_attack (test_core.TurnTests.test_special_defense_blocks_its_attack) ... ok
test_special_defenses_do_not_block_bi (test_core.TurnTests.test_special_defenses_do_not_block_bi) ... ok
test_suicide_beats_reflect (test_core.TurnTests.test_suicide_beats_reflect) ... ok
test_swapping_sides_swaps_winner_for_basic_attacks (test_core.TurnTests.test_swapping_sides_swaps_winner_for_basic_attacks) ... ok
test_tianlijun_loses_to_cloud (test_core.TurnTests.test_tianlijun_loses_to_cloud) ... ok
test_simulation_does_not_mutate_input_bomb_lists (test_known_regressions.KnownRegressionTests.test_simulation_does_not_mutate_input_bomb_lists)
Issue #1: remove expectedFailure when state copying is fixed. ... expected failure
test_admins_are_protected_and_force_push_is_disabled (test_maintainer_setup.ConfigurationTests.test_admins_are_protected_and_force_push_is_disabled) ... ok
test_existing_protection_stops_before_any_write (test_maintainer_setup.ConfigurationTests.test_existing_protection_stops_before_any_write) ... ok
test_preview_performs_reads_only (test_maintainer_setup.ConfigurationTests.test_preview_performs_reads_only) ... ok
test_readback_accepts_expected_settings (test_maintainer_setup.ConfigurationTests.test_readback_accepts_expected_settings) ... ok
test_readback_rejects_different_app (test_maintainer_setup.ConfigurationTests.test_readback_rejects_different_app) ... ok
test_readback_rejects_missing_pr_requirement (test_maintainer_setup.ConfigurationTests.test_readback_rejects_missing_pr_requirement) ... ok
test_single_maintainer_does_not_need_another_approver (test_maintainer_setup.ConfigurationTests.test_single_maintainer_does_not_need_another_approver) ... ok

----------------------------------------------------------------------
Ran 59 tests in 3.151s

OK (expected failures=1)
